[0.076s] DEBUG:colcon:Command line arguments: ['/usr/bin/colcon', 'build', '--packages-select', 'teleop_robot_bridge', '--cmake-args', '-DCMAKE_BUILD_TYPE=RelWithDebInfo']
[0.076s] DEBUG:colcon:Parsed command line arguments: Namespace(log_base=None, log_level=None, verb_name='build', build_base='build', install_base='install', merge_install=False, symlink_install=False, test_result_base=None, continue_on_error=False, executor='parallel', parallel_workers=14, event_handlers=None, ignore_user_meta=False, metas=['./colcon.meta'], base_paths=['.'], packages_ignore=None, packages_ignore_regex=None, paths=None, packages_up_to=None, packages_up_to_regex=None, packages_above=None, packages_above_and_dependencies=None, packages_above_depth=None, packages_select_by_dep=None, packages_skip_by_dep=None, packages_skip_up_to=None, packages_select_build_failed=False, packages_skip_build_finished=False, packages_select_test_failures=False, packages_skip_test_passed=False, packages_select=['teleop_robot_bridge'], packages_skip=None, packages_select_regex=None, packages_skip_regex=None, packages_start=None, packages_end=None, allow_overriding=[], cmake_args=['-DCMAKE_BUILD_TYPE=RelWithDebInfo'], cmake_target=None, cmake_target_skip_unavailable=False, cmake_clean_cache=False, cmake_clean_first=False, cmake_force_configure=False, ament_cmake_args=None, catkin_cmake_args=None, catkin_skip_building_tests=False, verb_parser=<colcon_defaults.argument_parser.defaults.DefaultArgumentsDecorator object at 0xffff8b6ae3c0>, verb_extension=<colcon_core.verb.build.BuildVerb object at 0xffff8b6ad700>, main=<bound method BuildVerb.main of <colcon_core.verb.build.BuildVerb object at 0xffff8b6ad700>>)
[0.104s] Level 1:colcon.colcon_core.package_discovery:discover_packages(colcon_meta) check parameters
[0.105s] Level 1:colcon.colcon_core.package_discovery:discover_packages(recursive) check parameters
[0.105s] Level 1:colcon.colcon_core.package_discovery:discover_packages(ignore) check parameters
[0.105s] Level 1:colcon.colcon_core.package_discovery:discover_packages(path) check parameters
[0.105s] Level 1:colcon.colcon_core.package_discovery:discover_packages(colcon_meta) discover
[0.105s] Level 1:colcon.colcon_core.package_discovery:discover_packages(recursive) discover
[0.105s] INFO:colcon.colcon_core.package_discovery:Crawling recursively for packages in '/home/eierobot/ROS/teleop_ws/src/teleop_robot_bridge'
[0.105s] Level 1:colcon.colcon_core.package_identification:_identify(.) by extensions ['ignore', 'ignore_ament_install']
[0.105s] Level 1:colcon.colcon_core.package_identification:_identify(.) by extension 'ignore'
[0.105s] Level 1:colcon.colcon_core.package_identification:_identify(.) by extension 'ignore_ament_install'
[0.105s] Level 1:colcon.colcon_core.package_identification:_identify(.) by extensions ['colcon_pkg']
[0.105s] Level 1:colcon.colcon_core.package_identification:_identify(.) by extension 'colcon_pkg'
[0.105s] Level 1:colcon.colcon_core.package_identification:_identify(.) by extensions ['colcon_meta']
[0.105s] Level 1:colcon.colcon_core.package_identification:_identify(.) by extension 'colcon_meta'
[0.105s] Level 1:colcon.colcon_core.package_identification:_identify(.) by extensions ['ros']
[0.105s] Level 1:colcon.colcon_core.package_identification:_identify(.) by extension 'ros'
[0.128s] DEBUG:colcon.colcon_core.package_identification:Package '.' with type 'ros.ament_cmake' and name 'teleop_robot_bridge'
[0.128s] Level 1:colcon.colcon_core.package_discovery:discover_packages(recursive) using defaults
[0.128s] Level 1:colcon.colcon_core.package_discovery:discover_packages(ignore) discover
[0.128s] Level 1:colcon.colcon_core.package_discovery:discover_packages(ignore) using defaults
[0.128s] Level 1:colcon.colcon_core.package_discovery:discover_packages(path) discover
[0.128s] Level 1:colcon.colcon_core.package_discovery:discover_packages(path) using defaults
[0.141s] Level 1:colcon.colcon_core.package_discovery:discover_packages(prefix_path) check parameters
[0.141s] Level 1:colcon.colcon_core.package_discovery:discover_packages(prefix_path) discover
[0.143s] DEBUG:colcon.colcon_installed_package_information.package_discovery:Found 1 installed packages in /home/eierobot/ROS/teleop_ws/install
[0.144s] DEBUG:colcon.colcon_installed_package_information.package_discovery:Found 312 installed packages in /opt/ros/jazzy
[0.144s] Level 1:colcon.colcon_core.package_discovery:discover_packages(prefix_path) using defaults
[0.174s] Level 5:colcon.colcon_core.verb:set package 'teleop_robot_bridge' build argument 'cmake_args' from command line to '['-DCMAKE_BUILD_TYPE=RelWithDebInfo']'
[0.174s] Level 5:colcon.colcon_core.verb:set package 'teleop_robot_bridge' build argument 'cmake_target' from command line to 'None'
[0.174s] Level 5:colcon.colcon_core.verb:set package 'teleop_robot_bridge' build argument 'cmake_target_skip_unavailable' from command line to 'False'
[0.174s] Level 5:colcon.colcon_core.verb:set package 'teleop_robot_bridge' build argument 'cmake_clean_cache' from command line to 'False'
[0.174s] Level 5:colcon.colcon_core.verb:set package 'teleop_robot_bridge' build argument 'cmake_clean_first' from command line to 'False'
[0.174s] Level 5:colcon.colcon_core.verb:set package 'teleop_robot_bridge' build argument 'cmake_force_configure' from command line to 'False'
[0.174s] Level 5:colcon.colcon_core.verb:set package 'teleop_robot_bridge' build argument 'ament_cmake_args' from command line to 'None'
[0.174s] Level 5:colcon.colcon_core.verb:set package 'teleop_robot_bridge' build argument 'catkin_cmake_args' from command line to 'None'
[0.174s] Level 5:colcon.colcon_core.verb:set package 'teleop_robot_bridge' build argument 'catkin_skip_building_tests' from command line to 'False'
[0.174s] DEBUG:colcon.colcon_core.verb:Building package 'teleop_robot_bridge' with the following arguments: {'ament_cmake_args': None, 'build_base': '/home/eierobot/ROS/teleop_ws/src/teleop_robot_bridge/build/teleop_robot_bridge', 'catkin_cmake_args': None, 'catkin_skip_building_tests': False, 'cmake_args': ['-DCMAKE_BUILD_TYPE=RelWithDebInfo'], 'cmake_clean_cache': False, 'cmake_clean_first': False, 'cmake_force_configure': False, 'cmake_target': None, 'cmake_target_skip_unavailable': False, 'install_base': '/home/eierobot/ROS/teleop_ws/src/teleop_robot_bridge/install/teleop_robot_bridge', 'merge_install': False, 'path': '/home/eierobot/ROS/teleop_ws/src/teleop_robot_bridge', 'symlink_install': False, 'test_result_base': None}
[0.174s] INFO:colcon.colcon_core.executor:Executing jobs using 'parallel' executor
[0.175s] DEBUG:colcon.colcon_parallel_executor.executor.parallel:run_until_complete
[0.175s] INFO:colcon.colcon_ros.task.ament_cmake.build:Building ROS package in '/home/eierobot/ROS/teleop_ws/src/teleop_robot_bridge' with build type 'ament_cmake'
[0.175s] INFO:colcon.colcon_cmake.task.cmake.build:Building CMake package in '/home/eierobot/ROS/teleop_ws/src/teleop_robot_bridge'
[0.177s] INFO:colcon.colcon_core.plugin_system:Skipping extension 'colcon_core.shell.bat': Not used on non-Windows systems
[0.177s] INFO:colcon.colcon_core.shell:Skip shell extension 'powershell' for command environment: Not usable outside of PowerShell
[0.177s] DEBUG:colcon.colcon_core.shell:Skip shell extension 'dsv' for command environment
[0.185s] DEBUG:colcon.colcon_core.event_handler.log_command:Invoking command in '/home/eierobot/ROS/teleop_ws/src/teleop_robot_bridge/build/teleop_robot_bridge': CMAKE_PREFIX_PATH=${CMAKE_PREFIX_PATH}:/opt/ros/jazzy DEBUGINFOD_URLS=https://debuginfod.ubuntu.com /usr/bin/cmake --build /home/eierobot/ROS/teleop_ws/src/teleop_robot_bridge/build/teleop_robot_bridge -- -j14 -l14
[50.859s] DEBUG:colcon.colcon_core.event_handler.log_command:Invoked command in '/home/eierobot/ROS/teleop_ws/src/teleop_robot_bridge/build/teleop_robot_bridge' returned '0': CMAKE_PREFIX_PATH=${CMAKE_PREFIX_PATH}:/opt/ros/jazzy DEBUGINFOD_URLS=https://debuginfod.ubuntu.com /usr/bin/cmake --build /home/eierobot/ROS/teleop_ws/src/teleop_robot_bridge/build/teleop_robot_bridge -- -j14 -l14
[50.874s] DEBUG:colcon.colcon_core.event_handler.log_command:Invoking command in '/home/eierobot/ROS/teleop_ws/src/teleop_robot_bridge/build/teleop_robot_bridge': CMAKE_PREFIX_PATH=${CMAKE_PREFIX_PATH}:/opt/ros/jazzy DEBUGINFOD_URLS=https://debuginfod.ubuntu.com /usr/bin/cmake --install /home/eierobot/ROS/teleop_ws/src/teleop_robot_bridge/build/teleop_robot_bridge
[51.067s] Level 1:colcon.colcon_core.environment:create_environment_scripts_only(teleop_robot_bridge)
[51.073s] Level 1:colcon.colcon_core.environment:checking '/home/eierobot/ROS/teleop_ws/src/teleop_robot_bridge/install/teleop_robot_bridge' for CMake module files
[51.074s] DEBUG:colcon.colcon_core.event_handler.log_command:Invoked command in '/home/eierobot/ROS/teleop_ws/src/teleop_robot_bridge/build/teleop_robot_bridge' returned '0': CMAKE_PREFIX_PATH=${CMAKE_PREFIX_PATH}:/opt/ros/jazzy DEBUGINFOD_URLS=https://debuginfod.ubuntu.com /usr/bin/cmake --install /home/eierobot/ROS/teleop_ws/src/teleop_robot_bridge/build/teleop_robot_bridge
[51.075s] Level 1:colcon.colcon_core.environment:checking '/home/eierobot/ROS/teleop_ws/src/teleop_robot_bridge/install/teleop_robot_bridge' for CMake config files
[51.078s] Level 1:colcon.colcon_core.shell:create_environment_hook('teleop_robot_bridge', 'cmake_prefix_path')
[51.078s] INFO:colcon.colcon_core.shell:Creating environment hook '/home/eierobot/ROS/teleop_ws/src/teleop_robot_bridge/install/teleop_robot_bridge/share/teleop_robot_bridge/hook/cmake_prefix_path.ps1'
[51.079s] INFO:colcon.colcon_core.shell:Creating environment descriptor '/home/eierobot/ROS/teleop_ws/src/teleop_robot_bridge/install/teleop_robot_bridge/share/teleop_robot_bridge/hook/cmake_prefix_path.dsv'
[51.080s] INFO:colcon.colcon_core.shell:Creating environment hook '/home/eierobot/ROS/teleop_ws/src/teleop_robot_bridge/install/teleop_robot_bridge/share/teleop_robot_bridge/hook/cmake_prefix_path.sh'
[51.082s] Level 1:colcon.colcon_core.environment:checking '/home/eierobot/ROS/teleop_ws/src/teleop_robot_bridge/install/teleop_robot_bridge/lib'
[51.082s] Level 1:colcon.colcon_core.shell:create_environment_hook('teleop_robot_bridge', 'ld_library_path_lib')
[51.083s] INFO:colcon.colcon_core.shell:Creating environment hook '/home/eierobot/ROS/teleop_ws/src/teleop_robot_bridge/install/teleop_robot_bridge/share/teleop_robot_bridge/hook/ld_library_path_lib.ps1'
[51.083s] INFO:colcon.colcon_core.shell:Creating environment descriptor '/home/eierobot/ROS/teleop_ws/src/teleop_robot_bridge/install/teleop_robot_bridge/share/teleop_robot_bridge/hook/ld_library_path_lib.dsv'
[51.084s] INFO:colcon.colcon_core.shell:Creating environment hook '/home/eierobot/ROS/teleop_ws/src/teleop_robot_bridge/install/teleop_robot_bridge/share/teleop_robot_bridge/hook/ld_library_path_lib.sh'
[51.085s] Level 1:colcon.colcon_core.environment:checking '/home/eierobot/ROS/teleop_ws/src/teleop_robot_bridge/install/teleop_robot_bridge/bin'
[51.085s] Level 1:colcon.colcon_core.environment:checking '/home/eierobot/ROS/teleop_ws/src/teleop_robot_bridge/install/teleop_robot_bridge/lib/pkgconfig/teleop_robot_bridge.pc'
[51.085s] Level 1:colcon.colcon_core.environment:checking '/home/eierobot/ROS/teleop_ws/src/teleop_robot_bridge/install/teleop_robot_bridge/lib/python3.12/site-packages'
[51.085s] Level 1:colcon.colcon_core.shell:create_environment_hook('teleop_robot_bridge', 'pythonpath')
[51.086s] INFO:colcon.colcon_core.shell:Creating environment hook '/home/eierobot/ROS/teleop_ws/src/teleop_robot_bridge/install/teleop_robot_bridge/share/teleop_robot_bridge/hook/pythonpath.ps1'
[51.086s] INFO:colcon.colcon_core.shell:Creating environment descriptor '/home/eierobot/ROS/teleop_ws/src/teleop_robot_bridge/install/teleop_robot_bridge/share/teleop_robot_bridge/hook/pythonpath.dsv'
[51.087s] INFO:colcon.colcon_core.shell:Creating environment hook '/home/eierobot/ROS/teleop_ws/src/teleop_robot_bridge/install/teleop_robot_bridge/share/teleop_robot_bridge/hook/pythonpath.sh'
[51.088s] Level 1:colcon.colcon_core.environment:checking '/home/eierobot/ROS/teleop_ws/src/teleop_robot_bridge/install/teleop_robot_bridge/bin'
[51.089s] INFO:colcon.colcon_core.shell:Creating package script '/home/eierobot/ROS/teleop_ws/src/teleop_robot_bridge/install/teleop_robot_bridge/share/teleop_robot_bridge/package.ps1'
[51.090s] INFO:colcon.colcon_core.shell:Creating package descriptor '/home/eierobot/ROS/teleop_ws/src/teleop_robot_bridge/install/teleop_robot_bridge/share/teleop_robot_bridge/package.dsv'
[51.091s] INFO:colcon.colcon_core.shell:Creating package script '/home/eierobot/ROS/teleop_ws/src/teleop_robot_bridge/install/teleop_robot_bridge/share/teleop_robot_bridge/package.sh'
[51.092s] INFO:colcon.colcon_core.shell:Creating package script '/home/eierobot/ROS/teleop_ws/src/teleop_robot_bridge/install/teleop_robot_bridge/share/teleop_robot_bridge/package.bash'
[51.093s] INFO:colcon.colcon_core.shell:Creating package script '/home/eierobot/ROS/teleop_ws/src/teleop_robot_bridge/install/teleop_robot_bridge/share/teleop_robot_bridge/package.zsh'
[51.094s] Level 1:colcon.colcon_core.environment:create_file_with_runtime_dependencies(/home/eierobot/ROS/teleop_ws/src/teleop_robot_bridge/install/teleop_robot_bridge/share/colcon-core/packages/teleop_robot_bridge)
[51.095s] Level 1:colcon.colcon_core.environment:create_environment_scripts_only(teleop_robot_bridge)
[51.096s] Level 1:colcon.colcon_core.environment:checking '/home/eierobot/ROS/teleop_ws/src/teleop_robot_bridge/install/teleop_robot_bridge' for CMake module files
[51.097s] Level 1:colcon.colcon_core.environment:checking '/home/eierobot/ROS/teleop_ws/src/teleop_robot_bridge/install/teleop_robot_bridge' for CMake config files
[51.099s] Level 1:colcon.colcon_core.shell:create_environment_hook('teleop_robot_bridge', 'cmake_prefix_path')
[51.100s] INFO:colcon.colcon_core.shell:Creating environment hook '/home/eierobot/ROS/teleop_ws/src/teleop_robot_bridge/install/teleop_robot_bridge/share/teleop_robot_bridge/hook/cmake_prefix_path.ps1'
[51.100s] INFO:colcon.colcon_core.shell:Creating environment descriptor '/home/eierobot/ROS/teleop_ws/src/teleop_robot_bridge/install/teleop_robot_bridge/share/teleop_robot_bridge/hook/cmake_prefix_path.dsv'
[51.101s] INFO:colcon.colcon_core.shell:Creating environment hook '/home/eierobot/ROS/teleop_ws/src/teleop_robot_bridge/install/teleop_robot_bridge/share/teleop_robot_bridge/hook/cmake_prefix_path.sh'
[51.102s] Level 1:colcon.colcon_core.environment:checking '/home/eierobot/ROS/teleop_ws/src/teleop_robot_bridge/install/teleop_robot_bridge/lib'
[51.102s] Level 1:colcon.colcon_core.shell:create_environment_hook('teleop_robot_bridge', 'ld_library_path_lib')
[51.102s] INFO:colcon.colcon_core.shell:Creating environment hook '/home/eierobot/ROS/teleop_ws/src/teleop_robot_bridge/install/teleop_robot_bridge/share/teleop_robot_bridge/hook/ld_library_path_lib.ps1'
[51.103s] INFO:colcon.colcon_core.shell:Creating environment descriptor '/home/eierobot/ROS/teleop_ws/src/teleop_robot_bridge/install/teleop_robot_bridge/share/teleop_robot_bridge/hook/ld_library_path_lib.dsv'
[51.103s] INFO:colcon.colcon_core.shell:Creating environment hook '/home/eierobot/ROS/teleop_ws/src/teleop_robot_bridge/install/teleop_robot_bridge/share/teleop_robot_bridge/hook/ld_library_path_lib.sh'
[51.104s] Level 1:colcon.colcon_core.environment:checking '/home/eierobot/ROS/teleop_ws/src/teleop_robot_bridge/install/teleop_robot_bridge/bin'
[51.104s] Level 1:colcon.colcon_core.environment:checking '/home/eierobot/ROS/teleop_ws/src/teleop_robot_bridge/install/teleop_robot_bridge/lib/pkgconfig/teleop_robot_bridge.pc'
[51.105s] Level 1:colcon.colcon_core.environment:checking '/home/eierobot/ROS/teleop_ws/src/teleop_robot_bridge/install/teleop_robot_bridge/lib/python3.12/site-packages'
[51.105s] Level 1:colcon.colcon_core.shell:create_environment_hook('teleop_robot_bridge', 'pythonpath')
[51.105s] INFO:colcon.colcon_core.shell:Creating environment hook '/home/eierobot/ROS/teleop_ws/src/teleop_robot_bridge/install/teleop_robot_bridge/share/teleop_robot_bridge/hook/pythonpath.ps1'
[51.106s] INFO:colcon.colcon_core.shell:Creating environment descriptor '/home/eierobot/ROS/teleop_ws/src/teleop_robot_bridge/install/teleop_robot_bridge/share/teleop_robot_bridge/hook/pythonpath.dsv'
[51.106s] INFO:colcon.colcon_core.shell:Creating environment hook '/home/eierobot/ROS/teleop_ws/src/teleop_robot_bridge/install/teleop_robot_bridge/share/teleop_robot_bridge/hook/pythonpath.sh'
[51.107s] Level 1:colcon.colcon_core.environment:checking '/home/eierobot/ROS/teleop_ws/src/teleop_robot_bridge/install/teleop_robot_bridge/bin'
[51.108s] INFO:colcon.colcon_core.shell:Creating package script '/home/eierobot/ROS/teleop_ws/src/teleop_robot_bridge/install/teleop_robot_bridge/share/teleop_robot_bridge/package.ps1'
[51.109s] INFO:colcon.colcon_core.shell:Creating package descriptor '/home/eierobot/ROS/teleop_ws/src/teleop_robot_bridge/install/teleop_robot_bridge/share/teleop_robot_bridge/package.dsv'
[51.110s] INFO:colcon.colcon_core.shell:Creating package script '/home/eierobot/ROS/teleop_ws/src/teleop_robot_bridge/install/teleop_robot_bridge/share/teleop_robot_bridge/package.sh'
[51.111s] INFO:colcon.colcon_core.shell:Creating package script '/home/eierobot/ROS/teleop_ws/src/teleop_robot_bridge/install/teleop_robot_bridge/share/teleop_robot_bridge/package.bash'
[51.111s] INFO:colcon.colcon_core.shell:Creating package script '/home/eierobot/ROS/teleop_ws/src/teleop_robot_bridge/install/teleop_robot_bridge/share/teleop_robot_bridge/package.zsh'
[51.112s] Level 1:colcon.colcon_core.environment:create_file_with_runtime_dependencies(/home/eierobot/ROS/teleop_ws/src/teleop_robot_bridge/install/teleop_robot_bridge/share/colcon-core/packages/teleop_robot_bridge)
[51.112s] DEBUG:colcon.colcon_parallel_executor.executor.parallel:closing loop
[51.113s] DEBUG:colcon.colcon_parallel_executor.executor.parallel:loop closed
[51.113s] DEBUG:colcon.colcon_parallel_executor.executor.parallel:run_until_complete finished with '0'
[51.113s] DEBUG:colcon.colcon_core.event_reactor:joining thread
[51.114s] DEBUG:colcon.colcon_core.event_reactor:joined thread
[51.114s] INFO:colcon.colcon_core.shell:Creating prefix script '/home/eierobot/ROS/teleop_ws/src/teleop_robot_bridge/install/local_setup.ps1'
[51.115s] INFO:colcon.colcon_core.shell:Creating prefix util module '/home/eierobot/ROS/teleop_ws/src/teleop_robot_bridge/install/_local_setup_util_ps1.py'
[51.117s] INFO:colcon.colcon_core.shell:Creating prefix chain script '/home/eierobot/ROS/teleop_ws/src/teleop_robot_bridge/install/setup.ps1'
[51.119s] INFO:colcon.colcon_core.shell:Creating prefix script '/home/eierobot/ROS/teleop_ws/src/teleop_robot_bridge/install/local_setup.sh'
[51.120s] INFO:colcon.colcon_core.shell:Creating prefix util module '/home/eierobot/ROS/teleop_ws/src/teleop_robot_bridge/install/_local_setup_util_sh.py'
[51.120s] INFO:colcon.colcon_core.shell:Creating prefix chain script '/home/eierobot/ROS/teleop_ws/src/teleop_robot_bridge/install/setup.sh'
[51.122s] INFO:colcon.colcon_core.shell:Creating prefix script '/home/eierobot/ROS/teleop_ws/src/teleop_robot_bridge/install/local_setup.bash'
[51.123s] INFO:colcon.colcon_core.shell:Creating prefix chain script '/home/eierobot/ROS/teleop_ws/src/teleop_robot_bridge/install/setup.bash'
[51.124s] INFO:colcon.colcon_core.shell:Creating prefix script '/home/eierobot/ROS/teleop_ws/src/teleop_robot_bridge/install/local_setup.zsh'
[51.125s] INFO:colcon.colcon_core.shell:Creating prefix chain script '/home/eierobot/ROS/teleop_ws/src/teleop_robot_bridge/install/setup.zsh'
