[0.074s] DEBUG:colcon:Command line arguments: ['/usr/bin/colcon', 'build', '--packages-select', 'teleop_robot_bridge', '--cmake-args', '-DCMAKE_BUILD_TYPE=RelWithDebInfo']
[0.074s] DEBUG:colcon:Parsed command line arguments: Namespace(log_base=None, log_level=None, verb_name='build', build_base='build', install_base='install', merge_install=False, symlink_install=False, test_result_base=None, continue_on_error=False, executor='parallel', parallel_workers=14, event_handlers=None, ignore_user_meta=False, metas=['./colcon.meta'], base_paths=['.'], packages_ignore=None, packages_ignore_regex=None, paths=None, packages_up_to=None, packages_up_to_regex=None, packages_above=None, packages_above_and_dependencies=None, packages_above_depth=None, packages_select_by_dep=None, packages_skip_by_dep=None, packages_skip_up_to=None, packages_select_build_failed=False, packages_skip_build_finished=False, packages_select_test_failures=False, packages_skip_test_passed=False, packages_select=['teleop_robot_bridge'], packages_skip=None, packages_select_regex=None, packages_skip_regex=None, packages_start=None, packages_end=None, allow_overriding=[], cmake_args=['-DCMAKE_BUILD_TYPE=RelWithDebInfo'], cmake_target=None, cmake_target_skip_unavailable=False, cmake_clean_cache=False, cmake_clean_first=False, cmake_force_configure=False, ament_cmake_args=None, catkin_cmake_args=None, catkin_skip_building_tests=False, verb_parser=<colcon_defaults.argument_parser.defaults.DefaultArgumentsDecorator object at 0xffffbc10e330>, verb_extension=<colcon_core.verb.build.BuildVerb object at 0xffffbc10e030>, main=<bound method BuildVerb.main of <colcon_core.verb.build.BuildVerb object at 0xffffbc10e030>>)
[0.103s] Level 1:colcon.colcon_core.package_discovery:discover_packages(colcon_meta) check parameters
[0.103s] Level 1:colcon.colcon_core.package_discovery:discover_packages(recursive) check parameters
[0.103s] Level 1:colcon.colcon_core.package_discovery:discover_packages(ignore) check parameters
[0.103s] Level 1:colcon.colcon_core.package_discovery:discover_packages(path) check parameters
[0.103s] Level 1:colcon.colcon_core.package_discovery:discover_packages(colcon_meta) discover
[0.103s] Level 1:colcon.colcon_core.package_discovery:discover_packages(recursive) discover
[0.103s] INFO:colcon.colcon_core.package_discovery:Crawling recursively for packages in '/home/eierobot/ROS/teleop_ws/src/teleop_robot_bridge'
[0.104s] Level 1:colcon.colcon_core.package_identification:_identify(.) by extensions ['ignore', 'ignore_ament_install']
[0.104s] Level 1:colcon.colcon_core.package_identification:_identify(.) by extension 'ignore'
[0.104s] Level 1:colcon.colcon_core.package_identification:_identify(.) by extension 'ignore_ament_install'
[0.104s] Level 1:colcon.colcon_core.package_identification:_identify(.) by extensions ['colcon_pkg']
[0.104s] Level 1:colcon.colcon_core.package_identification:_identify(.) by extension 'colcon_pkg'
[0.104s] Level 1:colcon.colcon_core.package_identification:_identify(.) by extensions ['colcon_meta']
[0.104s] Level 1:colcon.colcon_core.package_identification:_identify(.) by extension 'colcon_meta'
[0.104s] Level 1:colcon.colcon_core.package_identification:_identify(.) by extensions ['ros']
[0.104s] Level 1:colcon.colcon_core.package_identification:_identify(.) by extension 'ros'
[0.127s] DEBUG:colcon.colcon_core.package_identification:Package '.' with type 'ros.ament_cmake' and name 'teleop_robot_bridge'
[0.127s] Level 1:colcon.colcon_core.package_discovery:discover_packages(recursive) using defaults
[0.127s] Level 1:colcon.colcon_core.package_discovery:discover_packages(ignore) discover
[0.127s] Level 1:colcon.colcon_core.package_discovery:discover_packages(ignore) using defaults
[0.127s] Level 1:colcon.colcon_core.package_discovery:discover_packages(path) discover
[0.127s] Level 1:colcon.colcon_core.package_discovery:discover_packages(path) using defaults
[0.140s] Level 1:colcon.colcon_core.package_discovery:discover_packages(prefix_path) check parameters
[0.140s] Level 1:colcon.colcon_core.package_discovery:discover_packages(prefix_path) discover
[0.141s] DEBUG:colcon.colcon_installed_package_information.package_discovery:Found 1 installed packages in /home/eierobot/ROS/teleop_ws/install
[0.142s] DEBUG:colcon.colcon_installed_package_information.package_discovery:Found 312 installed packages in /opt/ros/jazzy
[0.143s] Level 1:colcon.colcon_core.package_discovery:discover_packages(prefix_path) using defaults
[0.173s] Level 5:colcon.colcon_core.verb:set package 'teleop_robot_bridge' build argument 'cmake_args' from command line to '['-DCMAKE_BUILD_TYPE=RelWithDebInfo']'
[0.173s] Level 5:colcon.colcon_core.verb:set package 'teleop_robot_bridge' build argument 'cmake_target' from command line to 'None'
[0.173s] Level 5:colcon.colcon_core.verb:set package 'teleop_robot_bridge' build argument 'cmake_target_skip_unavailable' from command line to 'False'
[0.173s] Level 5:colcon.colcon_core.verb:set package 'teleop_robot_bridge' build argument 'cmake_clean_cache' from command line to 'False'
[0.173s] Level 5:colcon.colcon_core.verb:set package 'teleop_robot_bridge' build argument 'cmake_clean_first' from command line to 'False'
[0.173s] Level 5:colcon.colcon_core.verb:set package 'teleop_robot_bridge' build argument 'cmake_force_configure' from command line to 'False'
[0.173s] Level 5:colcon.colcon_core.verb:set package 'teleop_robot_bridge' build argument 'ament_cmake_args' from command line to 'None'
[0.173s] Level 5:colcon.colcon_core.verb:set package 'teleop_robot_bridge' build argument 'catkin_cmake_args' from command line to 'None'
[0.173s] Level 5:colcon.colcon_core.verb:set package 'teleop_robot_bridge' build argument 'catkin_skip_building_tests' from command line to 'False'
[0.173s] DEBUG:colcon.colcon_core.verb:Building package 'teleop_robot_bridge' with the following arguments: {'ament_cmake_args': None, 'build_base': '/home/eierobot/ROS/teleop_ws/src/teleop_robot_bridge/build/teleop_robot_bridge', 'catkin_cmake_args': None, 'catkin_skip_building_tests': False, 'cmake_args': ['-DCMAKE_BUILD_TYPE=RelWithDebInfo'], 'cmake_clean_cache': False, 'cmake_clean_first': False, 'cmake_force_configure': False, 'cmake_target': None, 'cmake_target_skip_unavailable': False, 'install_base': '/home/eierobot/ROS/teleop_ws/src/teleop_robot_bridge/install/teleop_robot_bridge', 'merge_install': False, 'path': '/home/eierobot/ROS/teleop_ws/src/teleop_robot_bridge', 'symlink_install': False, 'test_result_base': None}
[0.173s] INFO:colcon.colcon_core.executor:Executing jobs using 'parallel' executor
[0.174s] DEBUG:colcon.colcon_parallel_executor.executor.parallel:run_until_complete
[0.174s] INFO:colcon.colcon_ros.task.ament_cmake.build:Building ROS package in '/home/eierobot/ROS/teleop_ws/src/teleop_robot_bridge' with build type 'ament_cmake'
[0.175s] INFO:colcon.colcon_cmake.task.cmake.build:Building CMake package in '/home/eierobot/ROS/teleop_ws/src/teleop_robot_bridge'
[0.176s] INFO:colcon.colcon_core.plugin_system:Skipping extension 'colcon_core.shell.bat': Not used on non-Windows systems
[0.176s] INFO:colcon.colcon_core.shell:Skip shell extension 'powershell' for command environment: Not usable outside of PowerShell
[0.176s] DEBUG:colcon.colcon_core.shell:Skip shell extension 'dsv' for command environment
[0.184s] DEBUG:colcon.colcon_core.event_handler.log_command:Invoking command in '/home/eierobot/ROS/teleop_ws/src/teleop_robot_bridge/build/teleop_robot_bridge': CMAKE_PREFIX_PATH=${CMAKE_PREFIX_PATH}:/opt/ros/jazzy DEBUGINFOD_URLS=https://debuginfod.ubuntu.com /usr/bin/cmake --build /home/eierobot/ROS/teleop_ws/src/teleop_robot_bridge/build/teleop_robot_bridge -- -j14 -l14
[8.064s] DEBUG:colcon.colcon_core.event_handler.log_command:Invoked command in '/home/eierobot/ROS/teleop_ws/src/teleop_robot_bridge/build/teleop_robot_bridge' returned '0': CMAKE_PREFIX_PATH=${CMAKE_PREFIX_PATH}:/opt/ros/jazzy DEBUGINFOD_URLS=https://debuginfod.ubuntu.com /usr/bin/cmake --build /home/eierobot/ROS/teleop_ws/src/teleop_robot_bridge/build/teleop_robot_bridge -- -j14 -l14
[8.078s] DEBUG:colcon.colcon_core.event_handler.log_command:Invoking command in '/home/eierobot/ROS/teleop_ws/src/teleop_robot_bridge/build/teleop_robot_bridge': CMAKE_PREFIX_PATH=${CMAKE_PREFIX_PATH}:/opt/ros/jazzy DEBUGINFOD_URLS=https://debuginfod.ubuntu.com /usr/bin/cmake --install /home/eierobot/ROS/teleop_ws/src/teleop_robot_bridge/build/teleop_robot_bridge
[8.272s] Level 1:colcon.colcon_core.environment:create_environment_scripts_only(teleop_robot_bridge)
[8.278s] Level 1:colcon.colcon_core.environment:checking '/home/eierobot/ROS/teleop_ws/src/teleop_robot_bridge/install/teleop_robot_bridge' for CMake module files
[8.280s] DEBUG:colcon.colcon_core.event_handler.log_command:Invoked command in '/home/eierobot/ROS/teleop_ws/src/teleop_robot_bridge/build/teleop_robot_bridge' returned '0': CMAKE_PREFIX_PATH=${CMAKE_PREFIX_PATH}:/opt/ros/jazzy DEBUGINFOD_URLS=https://debuginfod.ubuntu.com /usr/bin/cmake --install /home/eierobot/ROS/teleop_ws/src/teleop_robot_bridge/build/teleop_robot_bridge
[8.281s] Level 1:colcon.colcon_core.environment:checking '/home/eierobot/ROS/teleop_ws/src/teleop_robot_bridge/install/teleop_robot_bridge' for CMake config files
[8.283s] Level 1:colcon.colcon_core.shell:create_environment_hook('teleop_robot_bridge', 'cmake_prefix_path')
[8.284s] INFO:colcon.colcon_core.shell:Creating environment hook '/home/eierobot/ROS/teleop_ws/src/teleop_robot_bridge/install/teleop_robot_bridge/share/teleop_robot_bridge/hook/cmake_prefix_path.ps1'
[8.285s] INFO:colcon.colcon_core.shell:Creating environment descriptor '/home/eierobot/ROS/teleop_ws/src/teleop_robot_bridge/install/teleop_robot_bridge/share/teleop_robot_bridge/hook/cmake_prefix_path.dsv'
[8.285s] INFO:colcon.colcon_core.shell:Creating environment hook '/home/eierobot/ROS/teleop_ws/src/teleop_robot_bridge/install/teleop_robot_bridge/share/teleop_robot_bridge/hook/cmake_prefix_path.sh'
[8.287s] Level 1:colcon.colcon_core.environment:checking '/home/eierobot/ROS/teleop_ws/src/teleop_robot_bridge/install/teleop_robot_bridge/lib'
[8.287s] Level 1:colcon.colcon_core.shell:create_environment_hook('teleop_robot_bridge', 'ld_library_path_lib')
[8.287s] INFO:colcon.colcon_core.shell:Creating environment hook '/home/eierobot/ROS/teleop_ws/src/teleop_robot_bridge/install/teleop_robot_bridge/share/teleop_robot_bridge/hook/ld_library_path_lib.ps1'
[8.288s] INFO:colcon.colcon_core.shell:Creating environment descriptor '/home/eierobot/ROS/teleop_ws/src/teleop_robot_bridge/install/teleop_robot_bridge/share/teleop_robot_bridge/hook/ld_library_path_lib.dsv'
[8.289s] INFO:colcon.colcon_core.shell:Creating environment hook '/home/eierobot/ROS/teleop_ws/src/teleop_robot_bridge/install/teleop_robot_bridge/share/teleop_robot_bridge/hook/ld_library_path_lib.sh'
[8.289s] Level 1:colcon.colcon_core.environment:checking '/home/eierobot/ROS/teleop_ws/src/teleop_robot_bridge/install/teleop_robot_bridge/bin'
[8.289s] Level 1:colcon.colcon_core.environment:checking '/home/eierobot/ROS/teleop_ws/src/teleop_robot_bridge/install/teleop_robot_bridge/lib/pkgconfig/teleop_robot_bridge.pc'
[8.290s] Level 1:colcon.colcon_core.environment:checking '/home/eierobot/ROS/teleop_ws/src/teleop_robot_bridge/install/teleop_robot_bridge/lib/python3.12/site-packages'
[8.290s] Level 1:colcon.colcon_core.shell:create_environment_hook('teleop_robot_bridge', 'pythonpath')
[8.290s] INFO:colcon.colcon_core.shell:Creating environment hook '/home/eierobot/ROS/teleop_ws/src/teleop_robot_bridge/install/teleop_robot_bridge/share/teleop_robot_bridge/hook/pythonpath.ps1'
[8.291s] INFO:colcon.colcon_core.shell:Creating environment descriptor '/home/eierobot/ROS/teleop_ws/src/teleop_robot_bridge/install/teleop_robot_bridge/share/teleop_robot_bridge/hook/pythonpath.dsv'
[8.292s] INFO:colcon.colcon_core.shell:Creating environment hook '/home/eierobot/ROS/teleop_ws/src/teleop_robot_bridge/install/teleop_robot_bridge/share/teleop_robot_bridge/hook/pythonpath.sh'
[8.293s] Level 1:colcon.colcon_core.environment:checking '/home/eierobot/ROS/teleop_ws/src/teleop_robot_bridge/install/teleop_robot_bridge/bin'
[8.293s] INFO:colcon.colcon_core.shell:Creating package script '/home/eierobot/ROS/teleop_ws/src/teleop_robot_bridge/install/teleop_robot_bridge/share/teleop_robot_bridge/package.ps1'
[8.295s] INFO:colcon.colcon_core.shell:Creating package descriptor '/home/eierobot/ROS/teleop_ws/src/teleop_robot_bridge/install/teleop_robot_bridge/share/teleop_robot_bridge/package.dsv'
[8.296s] INFO:colcon.colcon_core.shell:Creating package script '/home/eierobot/ROS/teleop_ws/src/teleop_robot_bridge/install/teleop_robot_bridge/share/teleop_robot_bridge/package.sh'
[8.297s] INFO:colcon.colcon_core.shell:Creating package script '/home/eierobot/ROS/teleop_ws/src/teleop_robot_bridge/install/teleop_robot_bridge/share/teleop_robot_bridge/package.bash'
[8.298s] INFO:colcon.colcon_core.shell:Creating package script '/home/eierobot/ROS/teleop_ws/src/teleop_robot_bridge/install/teleop_robot_bridge/share/teleop_robot_bridge/package.zsh'
[8.298s] Level 1:colcon.colcon_core.environment:create_file_with_runtime_dependencies(/home/eierobot/ROS/teleop_ws/src/teleop_robot_bridge/install/teleop_robot_bridge/share/colcon-core/packages/teleop_robot_bridge)
[8.299s] Level 1:colcon.colcon_core.environment:create_environment_scripts_only(teleop_robot_bridge)
[8.300s] Level 1:colcon.colcon_core.environment:checking '/home/eierobot/ROS/teleop_ws/src/teleop_robot_bridge/install/teleop_robot_bridge' for CMake module files
[8.301s] Level 1:colcon.colcon_core.environment:checking '/home/eierobot/ROS/teleop_ws/src/teleop_robot_bridge/install/teleop_robot_bridge' for CMake config files
[8.303s] Level 1:colcon.colcon_core.shell:create_environment_hook('teleop_robot_bridge', 'cmake_prefix_path')
[8.304s] INFO:colcon.colcon_core.shell:Creating environment hook '/home/eierobot/ROS/teleop_ws/src/teleop_robot_bridge/install/teleop_robot_bridge/share/teleop_robot_bridge/hook/cmake_prefix_path.ps1'
[8.304s] INFO:colcon.colcon_core.shell:Creating environment descriptor '/home/eierobot/ROS/teleop_ws/src/teleop_robot_bridge/install/teleop_robot_bridge/share/teleop_robot_bridge/hook/cmake_prefix_path.dsv'
[8.305s] INFO:colcon.colcon_core.shell:Creating environment hook '/home/eierobot/ROS/teleop_ws/src/teleop_robot_bridge/install/teleop_robot_bridge/share/teleop_robot_bridge/hook/cmake_prefix_path.sh'
[8.306s] Level 1:colcon.colcon_core.environment:checking '/home/eierobot/ROS/teleop_ws/src/teleop_robot_bridge/install/teleop_robot_bridge/lib'
[8.306s] Level 1:colcon.colcon_core.shell:create_environment_hook('teleop_robot_bridge', 'ld_library_path_lib')
[8.306s] INFO:colcon.colcon_core.shell:Creating environment hook '/home/eierobot/ROS/teleop_ws/src/teleop_robot_bridge/install/teleop_robot_bridge/share/teleop_robot_bridge/hook/ld_library_path_lib.ps1'
[8.307s] INFO:colcon.colcon_core.shell:Creating environment descriptor '/home/eierobot/ROS/teleop_ws/src/teleop_robot_bridge/install/teleop_robot_bridge/share/teleop_robot_bridge/hook/ld_library_path_lib.dsv'
[8.307s] INFO:colcon.colcon_core.shell:Creating environment hook '/home/eierobot/ROS/teleop_ws/src/teleop_robot_bridge/install/teleop_robot_bridge/share/teleop_robot_bridge/hook/ld_library_path_lib.sh'
[8.308s] Level 1:colcon.colcon_core.environment:checking '/home/eierobot/ROS/teleop_ws/src/teleop_robot_bridge/install/teleop_robot_bridge/bin'
[8.308s] Level 1:colcon.colcon_core.environment:checking '/home/eierobot/ROS/teleop_ws/src/teleop_robot_bridge/install/teleop_robot_bridge/lib/pkgconfig/teleop_robot_bridge.pc'
[8.308s] Level 1:colcon.colcon_core.environment:checking '/home/eierobot/ROS/teleop_ws/src/teleop_robot_bridge/install/teleop_robot_bridge/lib/python3.12/site-packages'
[8.308s] Level 1:colcon.colcon_core.shell:create_environment_hook('teleop_robot_bridge', 'pythonpath')
[8.309s] INFO:colcon.colcon_core.shell:Creating environment hook '/home/eierobot/ROS/teleop_ws/src/teleop_robot_bridge/install/teleop_robot_bridge/share/teleop_robot_bridge/hook/pythonpath.ps1'
[8.309s] INFO:colcon.colcon_core.shell:Creating environment descriptor '/home/eierobot/ROS/teleop_ws/src/teleop_robot_bridge/install/teleop_robot_bridge/share/teleop_robot_bridge/hook/pythonpath.dsv'
[8.310s] INFO:colcon.colcon_core.shell:Creating environment hook '/home/eierobot/ROS/teleop_ws/src/teleop_robot_bridge/install/teleop_robot_bridge/share/teleop_robot_bridge/hook/pythonpath.sh'
[8.311s] Level 1:colcon.colcon_core.environment:checking '/home/eierobot/ROS/teleop_ws/src/teleop_robot_bridge/install/teleop_robot_bridge/bin'
[8.311s] INFO:colcon.colcon_core.shell:Creating package script '/home/eierobot/ROS/teleop_ws/src/teleop_robot_bridge/install/teleop_robot_bridge/share/teleop_robot_bridge/package.ps1'
[8.313s] INFO:colcon.colcon_core.shell:Creating package descriptor '/home/eierobot/ROS/teleop_ws/src/teleop_robot_bridge/install/teleop_robot_bridge/share/teleop_robot_bridge/package.dsv'
[8.313s] INFO:colcon.colcon_core.shell:Creating package script '/home/eierobot/ROS/teleop_ws/src/teleop_robot_bridge/install/teleop_robot_bridge/share/teleop_robot_bridge/package.sh'
[8.314s] INFO:colcon.colcon_core.shell:Creating package script '/home/eierobot/ROS/teleop_ws/src/teleop_robot_bridge/install/teleop_robot_bridge/share/teleop_robot_bridge/package.bash'
[8.315s] INFO:colcon.colcon_core.shell:Creating package script '/home/eierobot/ROS/teleop_ws/src/teleop_robot_bridge/install/teleop_robot_bridge/share/teleop_robot_bridge/package.zsh'
[8.315s] Level 1:colcon.colcon_core.environment:create_file_with_runtime_dependencies(/home/eierobot/ROS/teleop_ws/src/teleop_robot_bridge/install/teleop_robot_bridge/share/colcon-core/packages/teleop_robot_bridge)
[8.315s] DEBUG:colcon.colcon_parallel_executor.executor.parallel:closing loop
[8.316s] DEBUG:colcon.colcon_parallel_executor.executor.parallel:loop closed
[8.316s] DEBUG:colcon.colcon_parallel_executor.executor.parallel:run_until_complete finished with '0'
[8.316s] DEBUG:colcon.colcon_core.event_reactor:joining thread
[8.317s] DEBUG:colcon.colcon_core.event_reactor:joined thread
[8.317s] INFO:colcon.colcon_core.shell:Creating prefix script '/home/eierobot/ROS/teleop_ws/src/teleop_robot_bridge/install/local_setup.ps1'
[8.319s] INFO:colcon.colcon_core.shell:Creating prefix util module '/home/eierobot/ROS/teleop_ws/src/teleop_robot_bridge/install/_local_setup_util_ps1.py'
[8.320s] INFO:colcon.colcon_core.shell:Creating prefix chain script '/home/eierobot/ROS/teleop_ws/src/teleop_robot_bridge/install/setup.ps1'
[8.322s] INFO:colcon.colcon_core.shell:Creating prefix script '/home/eierobot/ROS/teleop_ws/src/teleop_robot_bridge/install/local_setup.sh'
[8.323s] INFO:colcon.colcon_core.shell:Creating prefix util module '/home/eierobot/ROS/teleop_ws/src/teleop_robot_bridge/install/_local_setup_util_sh.py'
[8.323s] INFO:colcon.colcon_core.shell:Creating prefix chain script '/home/eierobot/ROS/teleop_ws/src/teleop_robot_bridge/install/setup.sh'
[8.325s] INFO:colcon.colcon_core.shell:Creating prefix script '/home/eierobot/ROS/teleop_ws/src/teleop_robot_bridge/install/local_setup.bash'
[8.326s] INFO:colcon.colcon_core.shell:Creating prefix chain script '/home/eierobot/ROS/teleop_ws/src/teleop_robot_bridge/install/setup.bash'
[8.327s] INFO:colcon.colcon_core.shell:Creating prefix script '/home/eierobot/ROS/teleop_ws/src/teleop_robot_bridge/install/local_setup.zsh'
[8.327s] INFO:colcon.colcon_core.shell:Creating prefix chain script '/home/eierobot/ROS/teleop_ws/src/teleop_robot_bridge/install/setup.zsh'
